dasha@dasha-VirtualBox:/home$ sudo mkdir students
dasha@dasha-VirtualBox:/home$ sudo groupadd students
dasha@dasha-VirtualBox:/home$ sudo useradd -G students glen
dasha@dasha-VirtualBox:/home$ sudo useradd -G students antony
dasha@dasha-VirtualBox:/home$ sudo useradd -G students lesly
dasha@dasha-VirtualBox:/home$ passwd glen
passwd: You may not view or modify password information for glen.
dasha@dasha-VirtualBox:/home$ sudo passwd glen
New password: 
Retype new password: 
passwd: password updated successfully
dasha@dasha-VirtualBox:/home$ sudo passwd antony
New password: 
Retype new password: 
passwd: password updated successfully
dasha@dasha-VirtualBox:/home$ sudo passwd lesly
New password: 
Retype new password: 
passwd: password updated successfully
dasha@dasha-VirtualBox:/home$ groups lesly
lesly : lesly students
dasha@dasha-VirtualBox:/home$ sudo chgrp -R students /home/students
dasha@dasha-VirtualBox:/home$ sudo chmod -R 2770 /home/students
root@dasha-VirtualBox:/home# ls -l
total 20
drwxr-xr-x 19 dasha  dasha    4096 дек 14 22:27 dasha
drwxrws---  2 root   students 4096 дек 14 22:46 students

## testing
dasha@dasha-VirtualBox:/home$ su lesly
$ ls
newfile
$ echo write > newfile
$ cat newfile
write
$ exit

## external access denied

dasha@dasha-VirtualBox:/home$ touch students/file.txt 
touch: cannot touch 'students/file.txt': Permission denied

